<?xml version="1.0" encoding="UTF-8"?>
<key>TableofContents</key>
<lang>en</lang>
<var>Table of Contents</var>
<text>Table of Contents</text>
