<?xml version="1.0" encoding="UTF-8"?>
<out>
<ped:test attrib="yeha" xmlns:xsl="http://www.w3.org/1999/XSL/Transform" xmlns:ped="ped.com" xmlns:bdd="bdd.com">YEE-HA</ped:test>
</out>