<?xml version="1.0" encoding="UTF-8"?>
<out>

  <ped:test attrib="yeha" xmlns:ped="ped.com" xmlns:xsl="http://www.w3.org/1999/XSL/Transform">YEE-HA</ped:test>

</out>