<?xml version="1.0" encoding="UTF-8"?>
<out>
<month>January - 35,215 miles earned.</month>
<month>February - 92,731 miles earned.</month>
<month>March - 76,725 miles earned.</month>
<month>April - 31,781 miles earned.</month>
</out>