<?xml version="1.0" encoding="UTF-8"?>
<test>
   
     
     
     
   

   <out value="1"/><out value="2"/><out value="3"/>

</test>