<?xml version="1.0" encoding="UTF-8"?>

   
   Item of main, , 
   Item of aux, , , myNode, 
