<?xml version="1.0" encoding="UTF-8"?>
Test:  ((a or b) and c)
Match: 6 7 a b e f 
