<?xml version="1.0" encoding="UTF-8"?>
Test:  (a or (b and c) or d):
Match: 1 3 5 6 7 8 9 a b c d e f 
