<?xml version="1.0" encoding="UTF-8"?>
Test:  ((a or b) and (c or d)):
Match: 5 6 7 9 a b d e f 
