<?xml version="1.0" encoding="UTF-8"?>
Test:  (a and b)
Match: c d e f 
