<?xml version="1.0" encoding="UTF-8"?>
Test:  (a and (b or c) and d):
Match: b d f 
