<out>
  
    &alpha;aaa
    &beta;bbb
    &gamma;ccc
    &delta;ddd
    &epsilon;eee
    &#987;fff
    &zeta;ggg
    &eta;hhh
    &theta;iii
    &iota;jjj
    &iota;&alpha;kkk
    &iota;&beta;lll
    &iota;&gamma;mmm
    &iota;&delta;nnn
    &iota;&epsilon;ooo
    &iota;&#987;ppp
    &iota;&zeta;qqq
    &iota;&eta;rrr
    &iota;&theta;sss
    &kappa;ttt
    &kappa;&alpha;uuu
    &kappa;&beta;vvv
    &kappa;&gamma;www
    &kappa;&delta;xxx
    &kappa;&epsilon;yyy
    &kappa;&#987;zzz
    &kappa;&zeta;aab
    &kappa;&eta;aac
    &kappa;&theta;aad
    &lambda;aae
    &lambda;&alpha;aaf
    &lambda;&beta;aag
  
  
    &alpha;ddd
    &beta;eee
    &gamma;fff
  
</out>
