<?xml version="1.0" encoding="UTF-8"?>
<out><import-table>You should see this</import-table><blah>You should see this</blah><blah>You should see this</blah></out>
