<?xml version="1.1" encoding="UTF-8"?><xsl:stylesheet xmlns:xsl="http://www.w3.org/1999/XSL/Transform" version="1.0">
  <xsl:output method="xml" version="1.1" indent="yes"/>

  <xsl:template match="/">
    <out>This is a sytlehseet document.</out>
  </xsl:template>
</xsl:stylesheet>