<?xml version="1.0" encoding="UTF-8"?>
<out><literalName xmlns="http://literalURI"><hello xmlns=""/><hello2 xmlns="http://literalURI"><hello3 xmlns=""/></hello2><hello2 xmlns="http://literalURI2"/><hello2 xmlns=""><hello3/></hello2></literalName></out><out><literalName><hello/></literalName></out>