<?xml version="1.0" encoding="UTF-8"?>
<axsl:stylesheet version="1.0" xmlns:axsl="http://www.w3.org/1999/XSL/Transform">
<axsl:template match="h1">
<axsl:apply-templates/>
</axsl:template>
</axsl:stylesheet>
