<?xml version="1.0" encoding="UTF-8"?>
<bogus:stylesheet version="1.0" xmlns:ped="www.ped.com" xmlns:lotus="http://www.lotus.com" xmlns:bogus="http://www.w3.org/1999/XSL/Transform">
<bogus:template match="/">
<out>
		Yeee ha
      </out>
</bogus:template>
</bogus:stylesheet>
