<?xml version="1.0" encoding="UTF-8"?>
<out>A(att):N400002;T:N400003,P(a-pi):N400004;T:N400005,C:N400006,T:N400007,
  E(inner):N400008 has A(blat):N400009;T:N40000A,C:N40000B,T:N40000C,
  E(sub):N40000D has T:N40000E,
T:N40000F,
T:N400010,</out>