<?xml version="1.0" encoding="UTF-8"?>
<out>49A-Hello,49B-Shirt,49B-Overt,49C-GoodBye,49D-Tie,49D-Sly,
N200004,N300004,N300007,N400004,N500004,N500007,</out>