<HTML>
<area test="&amp;">
<area href="cgiprogram?param1=1&Param2=2">
<base>
<basefont>
<br>
<col>
<frame>
<hr width="100">
<img><input>
<isindex>
<link>
<meta>
<param>
</HTML>