<!DOCTYPE HTML PUBLIC "-//W3C//DTD HTML 4.0 Transitional">
<HTML>
<HEAD>
<META http-equiv="Content-Type" content="text/html; charset=SHIFT_JIS">
<Body></Body>
</HEAD>
</HTML>
