<HTML>
<TABLE>
<tr>
<td><img src="image1.gif"></td>
</tr>
<tr>
<td><img src="image2.gif"></td>
</tr>
</TABLE>
</HTML>
