<?xml version="1.0" encoding="UTF-8"?>
<example>&gt;&gt;&gt;SHOULD NOT BE WRAPPED WITH cdata section&lt;&lt;&lt;</example>
<test><![CDATA[>>>SHOULD BE WRAPPED WITH cdata section<<<]]></test>