<!DOCTYPE HTML PUBLIC "-//W3C//DTD HTML 4.0 Transitional">
<example><![CDATA[<foo>]]></example>
<test><![CDATA[]]]]><![CDATA[>]]></test>
