<?xml version="1.0" encoding="UTF-8"?>
<out xmlns:jad="http://administrator.com" xmlns:bdd="http://buster.com" xmlns:ped="http://tester.com" x="by the corner"/>
<sits xmlns:bdd="http://buster.com" xmlns:ped="http://tester.com" x="little jack horner"/>
<minding xmlns:ped="http://tester.com" x="his peas and queues"/>