<?xml version="1.0" encoding="UTF-8"?>

<out/>
<import xmlns:ped="http://tester.com"/>
<include xmlns:ped="http://tester.com"/>
