<?xml version="1.0" encoding="UTF-8"?>
<out xmlns:xalan="http://xml.apache.org/xalan">

*****				DATA				*****
ns0: /lists/*/*
item=A,item=B,item=C,item=D,item=E,item=A,item=B,item=C,item=D,item=E,item=A,item=B,item=C,item=X,item=Y,item=Z,item=X,item=Y,item=Z,item=A,item=B,item=C,item=D,item=E,item=A,item=B,item=C,item=D,item=E,item=X,item=Y,item=Z,item=X,item=Y,item=Z,item=A,item=B,item=C,item=D,item=E,

ns3: /lists/list3/*
item=X,item=Y,item=Z,

ns4: /lists/*/item
item=A,item=B,item=C,item=D,item=E,item=A,item=B,item=C,item=D,item=E,item=A,item=B,item=C,item=X,item=Y,item=Z,item=X,item=Y,item=Z,item=A,item=B,item=C,item=D,item=E,item=A,item=B,item=C,item=D,item=E,item=X,item=Y,item=Z,item=X,item=Y,item=Z,item=A,item=B,item=C,item=D,item=E,

ns5: /lists/list5/item
item=X,item=Y,item=Z,item=A,item=B,item=C,item=D,item=E,

ns6: /lists/*
<list/><list1/><list2/><list3/><list4/><list5/>


*****				TESTS				*****
Intersection - ns0, ns3:
X,Y,Z: <item>X</item><item a1="Y" a2="y">Y</item><item>Z</item>

Difference - ns6, ns5:
list,list1,list2,list3,list4,list5: 

Difference - ns5, ns6:
X,Y,Z,A,B,C,D,E: <item>X</item><item>Y</item><item>Z</item><item>A</item><item>B</item><item>C</item><item>D</item><item>E</item>

Values of $ns4:
ABCDEABCDEABCXYZXYZABCDEABCDEXYZXYZABCDE
Distinct - ns4:
ABCDEXYZ

hasSameNodes - $ns0, lists/*/*:
<WHOA_It_is_True/>

evaluate - lists//*/@* ...
BbyY true</out>