<?xml version="1.0" encoding="UTF-8"?>
<out><ns0:test xmlns:ns0="www.lotus.com" color="black" text-decoration="underline" test=""/></out>