<?xml version="1.0" encoding="UTF-8"?>
<num>1</num><num>2</num>