<?xml version="1.0" encoding="UTF-8"?>
<out>
<Count>4</Count>
<Sum>12</Sum>
<Number>2</Number>
<Name>docelem</Name>
<Local-name>docelem</Local-name>
<Namespace-URIs uri1="http://www.hello.com" uri2="http://www.hello.com" uri3="http://www.cnn.com: 3"/>
<Value-DOCELEM-Elem1>ELEMENT1A,ELEMENT1B</Value-DOCELEM-Elem1>
<FE-DOCELEM-STAR>elem1 elem2 elem3 elem3 test:elem3 elem3 elem3 elem4 </FE-DOCELEM-STAR>
<FE-DOCELEM-ELEM2-STAR>elem2a elem2b </FE-DOCELEM-ELEM2-STAR>
<AT-DOCELEM-ELEM4>Yahoo</AT-DOCELEM-ELEM4>
<Copy-of-RTF>
<docelem xmlns="http://www.hello.com">
<elem1>
<elem1a>ELEMENT1A</elem1a>
<elem1b>,ELEMENT1B</elem1b>
</elem1>
<elem2>
<elem2a>ELEMENT2A</elem2a>
<elem2b/>
</elem2>
<elem3>1</elem3>
<elem3>2</elem3>
<test:elem3 xmlns:test="http://www.cnn.com" xmlns="">3</test:elem3>
<elem3>4</elem3>
<elem3>5</elem3>
<elem4>Yahoo</elem4>
</docelem>
</Copy-of-RTF>
<Copy-of-ELEM1B>
<elem1b xmlns="http://www.hello.com">,ELEMENT1B</elem1b>
</Copy-of-ELEM1B>
<Copy-of-TEST-ELEM3>
<test:elem3 xmlns:test="http://www.cnn.com" xmlns="http://www.hello.com">3</test:elem3>
</Copy-of-TEST-ELEM3>
</out>
