<?xml version="1.0" encoding="UTF-8"?>
<out>
<one>12345.67, -98765.4321</one>
<sub>12345.67, -98765.4321</sub></out>