<?xml version="1.0" encoding="UTF-8"?>
<out><name>section</name><name>section</name><name>section</name></out>