<?xml version="1.0" encoding="utf-8"?>
<out><greeting>sayonara</greeting>
<greeting>ciao</greeting>
</out>