<?xml version="1.0" encoding="UTF-8"?>
<out><docs/>
  <doc><ext>http://somebody.elses.extension</ext></doc>
    <section><foo>http://foo.com</foo><ext>http://somebody.elses.extension</ext></section>
      <inner><whiz>http://whiz.com/special/page</whiz><foo>http://foo.com</foo><ext>http://somebody.elses.extension</ext></inner>
    
  
</out>