<?xml version="1.0" encoding="UTF-8"?>
<out>N2,N17,N18,N3,;N4,;N5,;N6,;N7,;N8,N19,N9,;N10,N20,N11,;N12,;;N13,;;N14,;</out>