<?xml version="1.0" encoding="UTF-8"?>
<out>
  1-light|butternut|
  2-|loud|
  3-butternut||
  4-heavy||shrill|
</out>